[2026-08-06 16:54:54] [ERROR] Suppressed Error — ('Connection aborted.', RemoteDisconnected('Remote end closed connection without response'))
Traceback (most recent call last):
  File "C:\Users\johan\AppData\Local\Programs\Python\Python310\lib\site-packages\urllib3\connectionpool.py", line 788, in urlopen
    response = self._make_request(
  File "C:\Users\johan\AppData\Local\Programs\Python\Python310\lib\site-packages\urllib3\connectionpool.py", line 534, in _make_request
    response = conn.getresponse()
  File "C:\Users\johan\AppData\Local\Programs\Python\Python310\lib\site-packages\urllib3\connection.py", line 571, in getresponse
    httplib_response = super().getresponse()
  File "C:\Users\johan\AppData\Local\Programs\Python\Python310\lib\http\client.py", line 1374, in getresponse
    response.begin()
  File "C:\Users\johan\AppData\Local\Programs\Python\Python310\lib\http\client.py", line 318, in begin
    version, status, reason = self._read_status()
  File "C:\Users\johan\AppData\Local\Programs\Python\Python310\lib\http\client.py", line 287, in _read_status
    raise RemoteDisconnected("Remote end closed connection without"
http.client.RemoteDisconnected: Remote end closed connection without response

During handling of the above exception, another exception occurred:

Traceback (most recent call last):
  File "C:\Users\johan\AppData\Local\Programs\Python\Python310\lib\site-packages\requests\adapters.py", line 645, in send
    resp = conn.urlopen(
  File "C:\Users\johan\AppData\Local\Programs\Python\Python310\lib\site-packages\urllib3\connectionpool.py", line 842, in urlopen
    retries = retries.increment(
  File "C:\Users\johan\AppData\Local\Programs\Python\Python310\lib\site-packages\urllib3\util\retry.py", line 498, in increment
    raise reraise(type(error), error, _stacktrace)
  File "C:\Users\johan\AppData\Local\Programs\Python\Python310\lib\site-packages\urllib3\util\util.py", line 38, in reraise
    raise value.with_traceback(tb)
  File "C:\Users\johan\AppData\Local\Programs\Python\Python310\lib\site-packages\urllib3\connectionpool.py", line 788, in urlopen
    response = self._make_request(
  File "C:\Users\johan\AppData\Local\Programs\Python\Python310\lib\site-packages\urllib3\connectionpool.py", line 534, in _make_request
    response = conn.getresponse()
  File "C:\Users\johan\AppData\Local\Programs\Python\Python310\lib\site-packages\urllib3\connection.py", line 571, in getresponse
    httplib_response = super().getresponse()
  File "C:\Users\johan\AppData\Local\Programs\Python\Python310\lib\http\client.py", line 1374, in getresponse
    response.begin()
  File "C:\Users\johan\AppData\Local\Programs\Python\Python310\lib\http\client.py", line 318, in begin
    version, status, reason = self._read_status()
  File "C:\Users\johan\AppData\Local\Programs\Python\Python310\lib\http\client.py", line 287, in _read_status
    raise RemoteDisconnected("Remote end closed connection without"
urllib3.exceptions.ProtocolError: ('Connection aborted.', RemoteDisconnected('Remote end closed connection without response'))

During handling of the above exception, another exception occurred:

Traceback (most recent call last):
  File "C:\Users\johan\Desktop\9\1\arbor-main\arbor-main\ui\image_handler.py", line 926, in try_load
    r = self._get_http_session().get(url, timeout=5)
  File "C:\Users\johan\AppData\Local\Programs\Python\Python310\lib\site-packages\requests\sessions.py", line 605, in get
    return self.request("GET", url, **kwargs)
  File "C:\Users\johan\AppData\Local\Programs\Python\Python310\lib\site-packages\requests\sessions.py", line 592, in request
    resp = self.send(prep, **send_kwargs)
  File "C:\Users\johan\AppData\Local\Programs\Python\Python310\lib\site-packages\requests\sessions.py", line 706, in send
    r = adapter.send(request, **kwargs)
  File "C:\Users\johan\AppData\Local\Programs\Python\Python310\lib\site-packages\requests\adapters.py", line 660, in send
    raise ConnectionError(err, request=request)
requests.exceptions.ConnectionError: ('Connection aborted.', RemoteDisconnected('Remote end closed connection without response'))

────────────────────────────────────────────────────────────────────────────────

════════════════════════════════════════════════════════════════════════════════
SESSION ENDED — 2026-08-06 16:55:25
════════════════════════════════════════════════════════════════════════════════
