[2026-08-07 10:06:11] [ERROR] Unhandled callback exception — TclError: unknown option "-fg"
Traceback (most recent call last):
  File "C:\Program Files\WindowsApps\PythonSoftwareFoundation.Python.3.12_3.12.2800.0_x64__qbz5n2kfra8p0\Lib\tkinter\__init__.py", line 1968, in __call__
    return self.func(*args)
           ^^^^^^^^^^^^^^^^
  File "C:\Users\ijbrekke\Documents\arbor\ui\historical_suggestions.py", line 203, in open_historical_suggestions
    HistoricalConflictResolverWindow(self, oid, suggestions)
  File "C:\Users\ijbrekke\Documents\arbor\ui\historical_resolver.py", line 67, in __init__
    self.build_ui()
  File "C:\Users\ijbrekke\Documents\arbor\ui\historical_resolver.py", line 204, in build_ui
    self.update_stats()
  File "C:\Users\ijbrekke\Documents\arbor\ui\historical_resolver.py", line 419, in update_stats
    f_frame.winfo_children()[1].configure(fg=COLORS["success"])
  File "C:\Program Files\WindowsApps\PythonSoftwareFoundation.Python.3.12_3.12.2800.0_x64__qbz5n2kfra8p0\Lib\tkinter\__init__.py", line 1722, in configure
    return self._configure('configure', cnf, kw)
           ^^^^^^^^^^^^^^^^^^^^^^^^^^^^^^^^^^^^^
  File "C:\Program Files\WindowsApps\PythonSoftwareFoundation.Python.3.12_3.12.2800.0_x64__qbz5n2kfra8p0\Lib\tkinter\__init__.py", line 1712, in _configure
    self.tk.call(_flatten((self._w, cmd)) + self._options(cnf))
_tkinter.TclError: unknown option "-fg"

────────────────────────────────────────────────────────────────────────────────

════════════════════════════════════════════════════════════════════════════════
SESSION ENDED — 2026-08-07 10:06:32
════════════════════════════════════════════════════════════════════════════════
