[2026-08-07 09:29:14] [ERROR] _load_image_async worker — broken data stream when reading image file
Traceback (most recent call last):
  File "C:\Users\ijbrekke\Documents\Arbor07\arbor-main\ui\image_handler.py", line 461, in worker
    img = self.original_pil_cache[path].copy()
          ^^^^^^^^^^^^^^^^^^^^^^^^^^^^^^^^^^^^
  File "C:\Users\ijbrekke\AppData\Local\Packages\PythonSoftwareFoundation.Python.3.12_qbz5n2kfra8p0\LocalCache\local-packages\Python312\site-packages\PIL\Image.py", line 1365, in copy
    self.load()
  File "C:\Users\ijbrekke\AppData\Local\Packages\PythonSoftwareFoundation.Python.3.12_qbz5n2kfra8p0\LocalCache\local-packages\Python312\site-packages\PIL\ImageFile.py", line 431, in load
    raise _get_oserror(err_code, encoder=False)
OSError: broken data stream when reading image file

────────────────────────────────────────────────────────────────────────────────
[2026-08-07 09:29:14] [ERROR] _load_image_async worker
Traceback (most recent call last):
  File "C:\Users\ijbrekke\Documents\Arbor07\arbor-main\ui\image_handler.py", line 461, in worker
    img = self.original_pil_cache[path].copy()
          ^^^^^^^^^^^^^^^^^^^^^^^^^^^^^^^^^^^^
  File "C:\Users\ijbrekke\AppData\Local\Packages\PythonSoftwareFoundation.Python.3.12_qbz5n2kfra8p0\LocalCache\local-packages\Python312\site-packages\PIL\Image.py", line 1365, in copy
    self.load()
  File "C:\Users\ijbrekke\AppData\Local\Packages\PythonSoftwareFoundation.Python.3.12_qbz5n2kfra8p0\LocalCache\local-packages\Python312\site-packages\PIL\ImageFile.py", line 392, in load
    s = read(read_bytes)
        ^^^^^^^^^^^^^^^^
  File "C:\Users\ijbrekke\AppData\Local\Packages\PythonSoftwareFoundation.Python.3.12_qbz5n2kfra8p0\LocalCache\local-packages\Python312\site-packages\PIL\JpegImagePlugin.py", line 417, in load_read
    assert self.fp is not None
           ^^^^^^^^^^^^^^^^^^^
AssertionError

────────────────────────────────────────────────────────────────────────────────

════════════════════════════════════════════════════════════════════════════════
SESSION ENDED — 2026-08-07 09:33:15
════════════════════════════════════════════════════════════════════════════════
